// Jest Snapshot v1, https://goo.gl/fbAQLP

exports[`<Title /> should render properly 1`] = `
<span
  className="titleStyle"
>
  Title text
</span>
`;
